AH00558: apache2: Could not reliably determine the server's fully qualified domain name, using 172.18.0.4. Set the 'ServerName' directive globally to suppress this message
[Mon Mar 24 21:31:07.433289 2025] [mpm_prefork:notice] [pid 1:tid 1] AH00163: Apache/2.4.62 (Debian) PHP/8.3.19 configured -- resuming normal operations
[Mon Mar 24 21:31:07.433731 2025] [core:notice] [pid 1:tid 1] AH00094: Command line: 'apache2 -D FOREGROUND'
AH00558: apache2: Could not reliably determine the server's fully qualified domain name, using 172.18.0.2. Set the 'ServerName' directive globally to suppress this message
[Tue Mar 25 21:33:51.616167 2025] [mpm_prefork:notice] [pid 1:tid 1] AH00163: Apache/2.4.62 (Debian) PHP/8.3.19 configured -- resuming normal operations
[Tue Mar 25 21:33:51.635246 2025] [core:notice] [pid 1:tid 1] AH00094: Command line: 'apache2 -D FOREGROUND'
[Tue Mar 25 21:44:20.752333 2025] [mpm_prefork:notice] [pid 1:tid 1] AH00170: caught SIGWINCH, shutting down gracefully
AH00558: apache2: Could not reliably determine the server's fully qualified domain name, using 172.18.0.4. Set the 'ServerName' directive globally to suppress this message
[Tue Mar 25 21:50:48.973492 2025] [mpm_prefork:notice] [pid 1:tid 1] AH00163: Apache/2.4.62 (Debian) PHP/8.3.19 configured -- resuming normal operations
[Tue Mar 25 21:50:48.973904 2025] [core:notice] [pid 1:tid 1] AH00094: Command line: 'apache2 -D FOREGROUND'
[Tue Mar 25 22:48:37.642631 2025] [php:warn] [pid 21:tid 21] [client 172.18.0.1:43612] PHP Warning:  Undefined property: Persona::$name in /var/www/html/index.php on line 6
[Tue Mar 25 22:55:11.680598 2025] [php:error] [pid 17:tid 17] [client 172.18.0.1:53370] PHP Fatal error:  Uncaught Error: Cannot access private property Persona::$nombre in /var/www/html/index.php:7\nStack trace:\n#0 {main}\n  thrown in /var/www/html/index.php on line 7
[Tue Mar 25 23:43:12.821137 2025] [php:error] [pid 21:tid 21] [client 172.18.0.1:51764] PHP Fatal error:  Uncaught Error: Call to private method Persona::esMayorDeEdad() from global scope in /var/www/html/index.php:7\nStack trace:\n#0 {main}\n  thrown in /var/www/html/index.php on line 7
[Wed Mar 26 00:00:45.881205 2025] [php:error] [pid 22:tid 22] [client 172.18.0.1:39284] script '/var/www/html/usuarios.php' not found or unable to stat
AH00558: apache2: Could not reliably determine the server's fully qualified domain name, using 172.18.0.3. Set the 'ServerName' directive globally to suppress this message
[Wed Mar 26 21:59:27.711699 2025] [mpm_prefork:notice] [pid 1:tid 1] AH00163: Apache/2.4.62 (Debian) PHP/8.3.19 configured -- resuming normal operations
[Wed Mar 26 21:59:27.712015 2025] [core:notice] [pid 1:tid 1] AH00094: Command line: 'apache2 -D FOREGROUND'
AH00558: apache2: Could not reliably determine the server's fully qualified domain name, using 172.19.0.4. Set the 'ServerName' directive globally to suppress this message
[Wed Mar 26 22:38:04.518000 2025] [mpm_prefork:notice] [pid 1:tid 1] AH00163: Apache/2.4.62 (Debian) PHP/8.3.19 configured -- resuming normal operations
[Wed Mar 26 22:38:04.518354 2025] [core:notice] [pid 1:tid 1] AH00094: Command line: 'apache2 -D FOREGROUND'
[Wed Mar 26 23:11:22.359286 2025] [php:error] [pid 20:tid 20] [client 172.19.0.1:44796] PHP Fatal error:  Uncaught Error: Cannot access private property Persona::$nombre in /var/www/html/index.php:7\nStack trace:\n#0 {main}\n  thrown in /var/www/html/index.php on line 7
[Wed Mar 26 23:11:22.395173 2025] [php:error] [pid 20:tid 20] [client 172.19.0.1:44796] PHP Fatal error:  Uncaught Error: Cannot access private property Persona::$nombre in /var/www/html/index.php:7\nStack trace:\n#0 {main}\n  thrown in /var/www/html/index.php on line 7, referer: http://localhost:91/
[Wed Mar 26 23:11:54.304541 2025] [php:error] [pid 22:tid 22] [client 172.19.0.1:49674] PHP Fatal error:  Uncaught Error: Cannot modify readonly property Persona::$nombre in /var/www/html/src/Persona.php:19\nStack trace:\n#0 /var/www/html/index.php(7): Persona->modify('Juan')\n#1 {main}\n  thrown in /var/www/html/src/Persona.php on line 19
[Wed Mar 26 23:11:54.350241 2025] [php:error] [pid 22:tid 22] [client 172.19.0.1:49674] PHP Fatal error:  Uncaught Error: Cannot modify readonly property Persona::$nombre in /var/www/html/src/Persona.php:19\nStack trace:\n#0 /var/www/html/index.php(7): Persona->modify('Juan')\n#1 {main}\n  thrown in /var/www/html/src/Persona.php on line 19, referer: http://localhost:91/
[Wed Mar 26 23:25:50.305292 2025] [php:error] [pid 17:tid 17] [client 172.19.0.1:51724] PHP Fatal error:  Uncaught Error: Cannot modify readonly property Persona::$nombre in /var/www/html/src/Persona.php:19\nStack trace:\n#0 /var/www/html/index.php(7): Persona->modify('Juan')\n#1 {main}\n  thrown in /var/www/html/src/Persona.php on line 19
[Wed Mar 26 23:25:50.365261 2025] [php:error] [pid 17:tid 17] [client 172.19.0.1:51724] PHP Fatal error:  Uncaught Error: Cannot modify readonly property Persona::$nombre in /var/www/html/src/Persona.php:19\nStack trace:\n#0 /var/www/html/index.php(7): Persona->modify('Juan')\n#1 {main}\n  thrown in /var/www/html/src/Persona.php on line 19, referer: http://localhost:91/persona
[Wed Mar 26 23:25:56.174303 2025] [php:error] [pid 18:tid 18] [client 172.19.0.1:56196] PHP Fatal error:  Uncaught Error: Cannot modify readonly property Persona::$nombre in /var/www/html/src/Persona.php:19\nStack trace:\n#0 /var/www/html/index.php(7): Persona->modify('Juan')\n#1 {main}\n  thrown in /var/www/html/src/Persona.php on line 19
[Wed Mar 26 23:25:56.225789 2025] [php:error] [pid 18:tid 18] [client 172.19.0.1:56196] PHP Fatal error:  Uncaught Error: Cannot modify readonly property Persona::$nombre in /var/www/html/src/Persona.php:19\nStack trace:\n#0 /var/www/html/index.php(7): Persona->modify('Juan')\n#1 {main}\n  thrown in /var/www/html/src/Persona.php on line 19, referer: http://localhost:91/persona/1
[Wed Mar 26 23:25:58.600690 2025] [php:error] [pid 18:tid 18] [client 172.19.0.1:56196] PHP Fatal error:  Uncaught Error: Cannot modify readonly property Persona::$nombre in /var/www/html/src/Persona.php:19\nStack trace:\n#0 /var/www/html/index.php(7): Persona->modify('Juan')\n#1 {main}\n  thrown in /var/www/html/src/Persona.php on line 19
[Wed Mar 26 23:25:58.674254 2025] [php:error] [pid 18:tid 18] [client 172.19.0.1:56196] PHP Fatal error:  Uncaught Error: Cannot modify readonly property Persona::$nombre in /var/www/html/src/Persona.php:19\nStack trace:\n#0 /var/www/html/index.php(7): Persona->modify('Juan')\n#1 {main}\n  thrown in /var/www/html/src/Persona.php on line 19, referer: http://localhost:91/persona/5
AH00558: apache2: Could not reliably determine the server's fully qualified domain name, using 172.19.0.3. Set the 'ServerName' directive globally to suppress this message
[Tue Apr 01 20:31:50.893553 2025] [mpm_prefork:notice] [pid 1:tid 1] AH00163: Apache/2.4.62 (Debian) PHP/8.3.19 configured -- resuming normal operations
[Tue Apr 01 20:31:50.894064 2025] [core:notice] [pid 1:tid 1] AH00094: Command line: 'apache2 -D FOREGROUND'
[Tue Apr 01 20:31:59.363962 2025] [mpm_prefork:notice] [pid 1:tid 1] AH00170: caught SIGWINCH, shutting down gracefully
AH00558: apache2: Could not reliably determine the server's fully qualified domain name, using 172.19.0.3. Set the 'ServerName' directive globally to suppress this message
[Wed Apr 09 22:23:14.745682 2025] [mpm_prefork:notice] [pid 1:tid 1] AH00163: Apache/2.4.62 (Debian) PHP/8.3.19 configured -- resuming normal operations
[Wed Apr 09 22:23:14.747166 2025] [core:notice] [pid 1:tid 1] AH00094: Command line: 'apache2 -D FOREGROUND'
[Wed Apr 09 23:13:39.720830 2025] [php:error] [pid 17:tid 17] [client 172.19.0.1:59188] PHP Fatal error:  Uncaught TypeError: Router::getParameters(): Return value must be of type array, none returned in /var/www/html/app/Router/Router.php:43\nStack trace:\n#0 /var/www/html/app/Router/Router.php(24): Router->getParameters(Object(Route), '/products/1/2')\n#1 /var/www/html/app/Router/Router.php(16): Router->filterRoutes('/products/1/2', 'GET')\n#2 /var/www/html/index.php(10): Router->resolve('/products/1/2', 'GET')\n#3 {main}\n  thrown in /var/www/html/app/Router/Router.php on line 43
[Wed Apr 09 23:13:39.757962 2025] [php:error] [pid 17:tid 17] [client 172.19.0.1:59188] PHP Fatal error:  Uncaught TypeError: Router::getParameters(): Return value must be of type array, none returned in /var/www/html/app/Router/Router.php:43\nStack trace:\n#0 /var/www/html/app/Router/Router.php(24): Router->getParameters(Object(Route), '/favicon.ico')\n#1 /var/www/html/app/Router/Router.php(16): Router->filterRoutes('/favicon.ico', 'GET')\n#2 /var/www/html/index.php(10): Router->resolve('/favicon.ico', 'GET')\n#3 {main}\n  thrown in /var/www/html/app/Router/Router.php on line 43, referer: http://localhost:91/products/1/2
[Thu Apr 10 00:10:05.982940 2025] [php:error] [pid 21:tid 21] [client 172.19.0.1:59906] PHP Fatal error:  Uncaught Exception: Ruta no encontrada in /var/www/html/app/Router/Router.php:19\nStack trace:\n#0 /var/www/html/index.php(10): Router->resolve('/products', 'GET')\n#1 {main}\n  thrown in /var/www/html/app/Router/Router.php on line 19
[Thu Apr 10 00:10:06.021299 2025] [php:error] [pid 21:tid 21] [client 172.19.0.1:59906] PHP Fatal error:  Uncaught Exception: Ruta no encontrada in /var/www/html/app/Router/Router.php:19\nStack trace:\n#0 /var/www/html/index.php(10): Router->resolve('/favicon.ico', 'GET')\n#1 {main}\n  thrown in /var/www/html/app/Router/Router.php on line 19, referer: http://localhost:91/products
[Thu Apr 10 00:27:42.991509 2025] [php:error] [pid 16:tid 16] [client 172.19.0.1:53950] PHP Fatal error:  Uncaught Exception: Ruta no encontrada in /var/www/html/app/Router/Router.php:19\nStack trace:\n#0 /var/www/html/index.php(10): Router->resolve('/favicon.ico', 'GET')\n#1 {main}\n  thrown in /var/www/html/app/Router/Router.php on line 19, referer: http://localhost:91/products/1
[Thu Apr 10 00:28:14.757262 2025] [php:error] [pid 17:tid 17] [client 172.19.0.1:53818] PHP Fatal error:  Uncaught ArgumentCountError: Too few arguments to function ProductGetController::start(), 0 passed in /var/www/html/app/Router/Router.php on line 25 and exactly 1 expected in /var/www/html/src/Controller/Product/ProductGetController.php:4\nStack trace:\n#0 /var/www/html/app/Router/Router.php(25): ProductGetController->start()\n#1 /var/www/html/index.php(10): Router->resolve('/products/1', 'GET')\n#2 {main}\n  thrown in /var/www/html/src/Controller/Product/ProductGetController.php on line 4
[Thu Apr 10 00:28:14.784026 2025] [php:error] [pid 17:tid 17] [client 172.19.0.1:53818] PHP Fatal error:  Uncaught Exception: Ruta no encontrada in /var/www/html/app/Router/Router.php:19\nStack trace:\n#0 /var/www/html/index.php(10): Router->resolve('/favicon.ico', 'GET')\n#1 {main}\n  thrown in /var/www/html/app/Router/Router.php on line 19, referer: http://localhost:91/products/1
[Thu Apr 10 00:31:24.333082 2025] [php:error] [pid 18:tid 18] [client 172.19.0.1:56274] PHP Fatal error:  Uncaught Exception: Ruta no encontrada in /var/www/html/app/Router/Router.php:19\nStack trace:\n#0 /var/www/html/index.php(10): Router->resolve('/favicon.ico', 'GET')\n#1 {main}\n  thrown in /var/www/html/app/Router/Router.php on line 19, referer: http://localhost:91/products/1
[Thu Apr 10 00:31:29.398304 2025] [php:error] [pid 18:tid 18] [client 172.19.0.1:56274] PHP Fatal error:  Uncaught Exception: Ruta no encontrada in /var/www/html/app/Router/Router.php:19\nStack trace:\n#0 /var/www/html/index.php(10): Router->resolve('/favicon.ico', 'GET')\n#1 {main}\n  thrown in /var/www/html/app/Router/Router.php on line 19, referer: http://localhost:91/products/2
[Thu Apr 10 00:31:30.915148 2025] [php:error] [pid 18:tid 18] [client 172.19.0.1:56274] PHP Fatal error:  Uncaught Exception: Ruta no encontrada in /var/www/html/app/Router/Router.php:19\nStack trace:\n#0 /var/www/html/index.php(10): Router->resolve('/favicon.ico', 'GET')\n#1 {main}\n  thrown in /var/www/html/app/Router/Router.php on line 19, referer: http://localhost:91/products/3
[Thu Apr 10 00:31:32.965456 2025] [php:error] [pid 18:tid 18] [client 172.19.0.1:56274] PHP Fatal error:  Uncaught Exception: Ruta no encontrada in /var/www/html/app/Router/Router.php:19\nStack trace:\n#0 /var/www/html/index.php(10): Router->resolve('/favicon.ico', 'GET')\n#1 {main}\n  thrown in /var/www/html/app/Router/Router.php on line 19, referer: http://localhost:91/products/500
[Thu Apr 10 00:31:35.061376 2025] [php:error] [pid 18:tid 18] [client 172.19.0.1:56274] PHP Fatal error:  Uncaught Exception: Ruta no encontrada in /var/www/html/app/Router/Router.php:19\nStack trace:\n#0 /var/www/html/index.php(10): Router->resolve('/favicon.ico', 'GET')\n#1 {main}\n  thrown in /var/www/html/app/Router/Router.php on line 19, referer: http://localhost:91/products/293824
[Thu Apr 10 00:34:08.374495 2025] [php:error] [pid 19:tid 19] [client 172.19.0.1:43576] PHP Fatal error:  Uncaught Exception: Ruta no encontrada in /var/www/html/app/Router/Router.php:19\nStack trace:\n#0 /var/www/html/index.php(10): Router->resolve('/products', 'GET')\n#1 {main}\n  thrown in /var/www/html/app/Router/Router.php on line 19
[Thu Apr 10 00:34:08.412799 2025] [php:error] [pid 19:tid 19] [client 172.19.0.1:43576] PHP Fatal error:  Uncaught Exception: Ruta no encontrada in /var/www/html/app/Router/Router.php:19\nStack trace:\n#0 /var/www/html/index.php(10): Router->resolve('/favicon.ico', 'GET')\n#1 {main}\n  thrown in /var/www/html/app/Router/Router.php on line 19, referer: http://localhost:91/products
AH00558: apache2: Could not reliably determine the server's fully qualified domain name, using 172.19.0.3. Set the 'ServerName' directive globally to suppress this message
[Wed Apr 16 22:29:23.089465 2025] [mpm_prefork:notice] [pid 1:tid 1] AH00163: Apache/2.4.62 (Debian) PHP/8.3.19 configured -- resuming normal operations
[Wed Apr 16 22:29:23.301902 2025] [core:notice] [pid 1:tid 1] AH00094: Command line: 'apache2 -D FOREGROUND'
[Wed Apr 16 23:00:59.256053 2025] [mpm_prefork:notice] [pid 1:tid 1] AH00170: caught SIGWINCH, shutting down gracefully
AH00558: apache2: Could not reliably determine the server's fully qualified domain name, using 172.19.0.3. Set the 'ServerName' directive globally to suppress this message
[Wed Apr 16 23:01:07.329082 2025] [mpm_prefork:notice] [pid 1:tid 1] AH00163: Apache/2.4.62 (Debian) PHP/8.3.19 configured -- resuming normal operations
[Wed Apr 16 23:01:07.329397 2025] [core:notice] [pid 1:tid 1] AH00094: Command line: 'apache2 -D FOREGROUND'
[Wed Apr 16 23:06:56.219234 2025] [mpm_prefork:notice] [pid 1:tid 1] AH00170: caught SIGWINCH, shutting down gracefully
AH00558: apache2: Could not reliably determine the server's fully qualified domain name, using 172.19.0.4. Set the 'ServerName' directive globally to suppress this message
[Wed Apr 16 23:07:31.802041 2025] [mpm_prefork:notice] [pid 1:tid 1] AH00163: Apache/2.4.62 (Debian) PHP/8.3.19 configured -- resuming normal operations
[Wed Apr 16 23:07:31.802300 2025] [core:notice] [pid 1:tid 1] AH00094: Command line: 'apache2 -D FOREGROUND'
[Wed Apr 16 23:10:18.903933 2025] [mpm_prefork:notice] [pid 1:tid 1] AH00170: caught SIGWINCH, shutting down gracefully
AH00558: apache2: Could not reliably determine the server's fully qualified domain name, using 172.19.0.3. Set the 'ServerName' directive globally to suppress this message
[Wed Apr 16 23:16:10.895213 2025] [mpm_prefork:notice] [pid 1:tid 1] AH00163: Apache/2.4.62 (Debian) PHP/8.3.20 configured -- resuming normal operations
[Wed Apr 16 23:16:10.895677 2025] [core:notice] [pid 1:tid 1] AH00094: Command line: 'apache2 -D FOREGROUND'
[Thu Apr 17 00:28:01.539213 2025] [php:error] [pid 21:tid 21] [client 172.19.0.1:42110] PHP Fatal error:  Uncaught Error: Class "Src\\Model\\Domain\\DomainModel" not found in /var/www/html/src/Service/Domain/DomainFinderService.php:15\nStack trace:\n#0 /var/www/html/src/Controller/Domain/DomainGetController.php(9): Src\\Service\\Domain\\DomainFinderService->__construct()\n#1 /var/www/html/app/Router/Router.php(26): DomainGetController->__construct()\n#2 /var/www/html/index.php(32): Router->resolve('/domains/1', 'GET')\n#3 {main}\n  thrown in /var/www/html/src/Service/Domain/DomainFinderService.php on line 15
[Thu Apr 17 00:29:43.858534 2025] [php:error] [pid 22:tid 22] [client 172.19.0.1:54552] PHP Fatal error:  Uncaught Error: Class "Src\\Model\\DatabaseModel" not found in /var/www/html/src/Model/Domain/DomainModel.php:7\nStack trace:\n#0 /var/www/html/app/Autoloader/Autoloader.php(15): require_once()\n#1 /var/www/html/app/Autoloader/Autoloader.php(21): Autoloader::loadDirectories('DomainModel', Array)\n#2 /var/www/html/app/Autoloader/Autoloader.php(7): Autoloader::loadDirectories('DomainModel', Array)\n#3 /var/www/html/index.php(17): Autoloader::register('Src\\\\Model\\\\Domai...', Array)\n#4 /var/www/html/src/Service/Domain/DomainFinderService.php(15): {closure}('Src\\\\Model\\\\Domai...')\n#5 /var/www/html/src/Controller/Domain/DomainGetController.php(9): Src\\Service\\Domain\\DomainFinderService->__construct()\n#6 /var/www/html/app/Router/Router.php(26): DomainGetController->__construct()\n#7 /var/www/html/index.php(33): Router->resolve('/domains/1', 'GET')\n#8 {main}\n  thrown in /var/www/html/src/Model/Domain/DomainModel.php on line 7
[Thu Apr 17 00:32:15.217762 2025] [php:error] [pid 19:tid 19] [client 172.19.0.1:41540] PHP Fatal error:  Readonly class Src\\Model\\Domain\\DomainModel cannot extend non-readonly class Src\\Model\\DatabaseModel in /var/www/html/src/Model/Domain/DomainModel.php on line 7
[Thu Apr 17 00:36:12.447420 2025] [php:error] [pid 20:tid 20] [client 172.19.0.1:38474] PHP Fatal error:  Non-readonly class Src\\Model\\Domain\\DomainModel cannot extend readonly class Src\\Model\\DatabaseModel in /var/www/html/src/Model/Domain/DomainModel.php on line 7
AH00558: apache2: Could not reliably determine the server's fully qualified domain name, using 172.19.0.2. Set the 'ServerName' directive globally to suppress this message
[Tue Apr 22 19:49:20.902061 2025] [mpm_prefork:notice] [pid 1:tid 1] AH00163: Apache/2.4.62 (Debian) PHP/8.3.20 configured -- resuming normal operations
[Tue Apr 22 19:49:20.902691 2025] [core:notice] [pid 1:tid 1] AH00094: Command line: 'apache2 -D FOREGROUND'
AH00558: apache2: Could not reliably determine the server's fully qualified domain name, using 172.19.0.3. Set the 'ServerName' directive globally to suppress this message
[Wed Apr 23 21:54:54.026411 2025] [mpm_prefork:notice] [pid 1:tid 1] AH00163: Apache/2.4.62 (Debian) PHP/8.3.20 configured -- resuming normal operations
[Wed Apr 23 21:54:54.027547 2025] [core:notice] [pid 1:tid 1] AH00094: Command line: 'apache2 -D FOREGROUND'
[Wed Apr 23 22:35:03.152284 2025] [php:error] [pid 21:tid 21] [client 172.19.0.1:47360] PHP Fatal error:  Uncaught Error: Call to undefined method PDOStatement::fetchAssoc() in /var/www/html/src/Model/DatabaseModel.php:21\nStack trace:\n#0 /var/www/html/src/Model/Domain/DomainModel.php(12): Src\\Model\\DatabaseModel->primitiveQuery('SELECT * FROM d...')\n#1 /var/www/html/src/Service/Domain/DomainFinderService.php(20): Src\\Model\\Domain\\DomainModel->find(1)\n#2 /var/www/html/src/Controller/Domain/DomainGetController.php(14): Src\\Service\\Domain\\DomainFinderService->find(1)\n#3 /var/www/html/app/Router/Router.php(27): DomainGetController->start(1)\n#4 /var/www/html/index.php(33): Router->resolve('/domains/1', 'GET')\n#5 {main}\n  thrown in /var/www/html/src/Model/DatabaseModel.php on line 21
[Wed Apr 23 22:35:07.016437 2025] [php:error] [pid 21:tid 21] [client 172.19.0.1:47360] PHP Fatal error:  Uncaught Error: Call to undefined method PDOStatement::fetch_assoc() in /var/www/html/src/Model/DatabaseModel.php:21\nStack trace:\n#0 /var/www/html/src/Model/Domain/DomainModel.php(12): Src\\Model\\DatabaseModel->primitiveQuery('SELECT * FROM d...')\n#1 /var/www/html/src/Service/Domain/DomainFinderService.php(20): Src\\Model\\Domain\\DomainModel->find(1)\n#2 /var/www/html/src/Controller/Domain/DomainGetController.php(14): Src\\Service\\Domain\\DomainFinderService->find(1)\n#3 /var/www/html/app/Router/Router.php(27): DomainGetController->start(1)\n#4 /var/www/html/index.php(33): Router->resolve('/domains/1', 'GET')\n#5 {main}\n  thrown in /var/www/html/src/Model/DatabaseModel.php on line 21
[Wed Apr 23 22:51:38.728353 2025] [php:error] [pid 17:tid 17] [client 172.19.0.1:47892] PHP Parse error:  Invalid body indentation level (expecting an indentation level of at least 16) in /var/www/html/src/Model/Domain/DomainModel.php on line 12
[Wed Apr 23 22:51:44.412739 2025] [php:error] [pid 18:tid 18] [client 172.19.0.1:47894] PHP Parse error:  Invalid body indentation level (expecting an indentation level of at least 16) in /var/www/html/src/Model/Domain/DomainModel.php on line 12
[Wed Apr 23 23:04:28.693852 2025] [php:warn] [pid 22:tid 22] [client 172.19.0.1:50476] PHP Warning:  Undefined array key "name" in /var/www/html/src/Model/Domain/DomainModel.php on line 28
[Wed Apr 23 23:04:28.694373 2025] [php:error] [pid 22:tid 22] [client 172.19.0.1:50476] PHP Fatal error:  Uncaught TypeError: Src\\Model\\Domain\\DomainModel::find(): Return value must be of type array, none returned in /var/www/html/src/Model/Domain/DomainModel.php:29\nStack trace:\n#0 /var/www/html/src/Service/Domain/DomainFinderService.php(20): Src\\Model\\Domain\\DomainModel->find(1)\n#1 /var/www/html/src/Controller/Domain/DomainGetController.php(14): Src\\Service\\Domain\\DomainFinderService->find(1)\n#2 /var/www/html/app/Router/Router.php(27): DomainGetController->start(1)\n#3 /var/www/html/index.php(33): Router->resolve('/domains/1', 'GET')\n#4 {main}\n  thrown in /var/www/html/src/Model/Domain/DomainModel.php on line 29
[Wed Apr 23 23:04:38.197841 2025] [php:error] [pid 17:tid 17] [client 172.19.0.1:56906] PHP Fatal error:  Uncaught TypeError: Src\\Model\\Domain\\DomainModel::find(): Return value must be of type array, none returned in /var/www/html/src/Model/Domain/DomainModel.php:29\nStack trace:\n#0 /var/www/html/src/Service/Domain/DomainFinderService.php(20): Src\\Model\\Domain\\DomainModel->find(1)\n#1 /var/www/html/src/Controller/Domain/DomainGetController.php(14): Src\\Service\\Domain\\DomainFinderService->find(1)\n#2 /var/www/html/app/Router/Router.php(27): DomainGetController->start(1)\n#3 /var/www/html/index.php(33): Router->resolve('/domains/1', 'GET')\n#4 {main}\n  thrown in /var/www/html/src/Model/Domain/DomainModel.php on line 29
[Wed Apr 23 23:05:28.347852 2025] [php:warn] [pid 18:tid 18] [client 172.19.0.1:39620] PHP Warning:  Undefined array key 0 in /var/www/html/src/Model/Domain/DomainModel.php on line 28
[Wed Apr 23 23:05:28.348186 2025] [php:error] [pid 18:tid 18] [client 172.19.0.1:39620] PHP Fatal error:  Uncaught TypeError: Src\\Model\\Domain\\DomainModel::find(): Return value must be of type array, null returned in /var/www/html/src/Model/Domain/DomainModel.php:28\nStack trace:\n#0 /var/www/html/src/Service/Domain/DomainFinderService.php(20): Src\\Model\\Domain\\DomainModel->find(4)\n#1 /var/www/html/src/Controller/Domain/DomainGetController.php(14): Src\\Service\\Domain\\DomainFinderService->find(4)\n#2 /var/www/html/app/Router/Router.php(27): DomainGetController->start(4)\n#3 /var/www/html/index.php(33): Router->resolve('/domains/4', 'GET')\n#4 {main}\n  thrown in /var/www/html/src/Model/Domain/DomainModel.php on line 28
[Wed Apr 23 23:14:13.509904 2025] [php:error] [pid 19:tid 19] [client 172.19.0.1:43872] PHP Fatal error:  Uncaught TypeError: Src\\Service\\Domain\\DomainFinderService::find(): Return value must be of type array, null returned in /var/www/html/src/Service/Domain/DomainFinderService.php:20\nStack trace:\n#0 /var/www/html/src/Controller/Domain/DomainGetController.php(14): Src\\Service\\Domain\\DomainFinderService->find(4)\n#1 /var/www/html/app/Router/Router.php(27): DomainGetController->start(4)\n#2 /var/www/html/index.php(33): Router->resolve('/domains/4', 'GET')\n#3 {main}\n  thrown in /var/www/html/src/Service/Domain/DomainFinderService.php on line 20
[Wed Apr 23 23:36:19.587635 2025] [php:warn] [pid 22:tid 22] [client 172.19.0.1:59368] PHP Warning:  include_once(ViewController.php): Failed to open stream: No such file or directory in /var/www/html/src/Controller/Domain/DomainGetController.php on line 5
[Wed Apr 23 23:36:19.588057 2025] [php:warn] [pid 22:tid 22] [client 172.19.0.1:59368] PHP Warning:  include_once(): Failed opening 'ViewController.php' for inclusion (include_path='.:/usr/local/lib/php') in /var/www/html/src/Controller/Domain/DomainGetController.php on line 5
[Wed Apr 23 23:36:19.610414 2025] [php:error] [pid 22:tid 22] [client 172.19.0.1:59368] PHP Fatal error:  Uncaught Error: Class "ViewController" not found in /var/www/html/src/Controller/Domain/DomainGetController.php:7\nStack trace:\n#0 /var/www/html/app/Router/Router.php(22): require_once()\n#1 /var/www/html/index.php(33): Router->resolve('/domains/1', 'GET')\n#2 {main}\n  thrown in /var/www/html/src/Controller/Domain/DomainGetController.php on line 7
[Wed Apr 23 23:36:37.030830 2025] [php:warn] [pid 17:tid 17] [client 172.19.0.1:50362] PHP Warning:  include_once(../ViewController.php): Failed to open stream: No such file or directory in /var/www/html/src/Controller/Domain/DomainGetController.php on line 5
[Wed Apr 23 23:36:37.031036 2025] [php:warn] [pid 17:tid 17] [client 172.19.0.1:50362] PHP Warning:  include_once(): Failed opening '../ViewController.php' for inclusion (include_path='.:/usr/local/lib/php') in /var/www/html/src/Controller/Domain/DomainGetController.php on line 5
[Wed Apr 23 23:36:37.049000 2025] [php:error] [pid 17:tid 17] [client 172.19.0.1:50362] PHP Fatal error:  Uncaught Error: Class "ViewController" not found in /var/www/html/src/Controller/Domain/DomainGetController.php:7\nStack trace:\n#0 /var/www/html/app/Router/Router.php(22): require_once()\n#1 /var/www/html/index.php(33): Router->resolve('/domains/1', 'GET')\n#2 {main}\n  thrown in /var/www/html/src/Controller/Domain/DomainGetController.php on line 7
[Wed Apr 23 23:36:48.924937 2025] [php:warn] [pid 18:tid 18] [client 172.19.0.1:43642] PHP Warning:  include_once(../../ViewController.php): Failed to open stream: No such file or directory in /var/www/html/src/Controller/Domain/DomainGetController.php on line 5
[Wed Apr 23 23:36:48.925678 2025] [php:warn] [pid 18:tid 18] [client 172.19.0.1:43642] PHP Warning:  include_once(): Failed opening '../../ViewController.php' for inclusion (include_path='.:/usr/local/lib/php') in /var/www/html/src/Controller/Domain/DomainGetController.php on line 5
[Wed Apr 23 23:36:48.947335 2025] [php:error] [pid 18:tid 18] [client 172.19.0.1:43642] PHP Fatal error:  Uncaught Error: Class "ViewController" not found in /var/www/html/src/Controller/Domain/DomainGetController.php:7\nStack trace:\n#0 /var/www/html/app/Router/Router.php(22): require_once()\n#1 /var/www/html/index.php(33): Router->resolve('/domains/1', 'GET')\n#2 {main}\n  thrown in /var/www/html/src/Controller/Domain/DomainGetController.php on line 7
[Wed Apr 23 23:37:15.495851 2025] [php:error] [pid 19:tid 19] [client 172.19.0.1:35476] PHP Fatal error:  Constant expression contains invalid operations in /var/www/html/src/Controller/ViewController.php on line 5
[Wed Apr 23 23:38:00.840896 2025] [php:error] [pid 20:tid 20] [client 172.19.0.1:46450] PHP Fatal error:  Constant expression contains invalid operations in /var/www/html/src/Controller/ViewController.php on line 5
[Thu Apr 24 00:38:26.592257 2025] [php:warn] [pid 22:tid 22] [client 172.19.0.1:36714] PHP Warning:  Undefined variable $data in /var/www/html/src/Views/Domain/detail.php on line 10
[Thu Apr 24 00:38:26.592609 2025] [php:warn] [pid 22:tid 22] [client 172.19.0.1:36714] PHP Warning:  Trying to access array offset on null in /var/www/html/src/Views/Domain/detail.php on line 10
[Thu Apr 24 00:38:26.592854 2025] [php:warn] [pid 22:tid 22] [client 172.19.0.1:36714] PHP Warning:  Trying to access array offset on null in /var/www/html/src/Views/Domain/detail.php on line 10
[Thu Apr 24 00:38:26.593060 2025] [php:warn] [pid 22:tid 22] [client 172.19.0.1:36714] PHP Warning:  Undefined variable $data in /var/www/html/src/Views/Domain/detail.php on line 11
[Thu Apr 24 00:38:26.593310 2025] [php:warn] [pid 22:tid 22] [client 172.19.0.1:36714] PHP Warning:  Trying to access array offset on null in /var/www/html/src/Views/Domain/detail.php on line 11
[Thu Apr 24 00:38:26.593531 2025] [php:warn] [pid 22:tid 22] [client 172.19.0.1:36714] PHP Warning:  Trying to access array offset on null in /var/www/html/src/Views/Domain/detail.php on line 11
[Thu Apr 24 00:38:26.593796 2025] [php:warn] [pid 22:tid 22] [client 172.19.0.1:36714] PHP Warning:  Undefined variable $data in /var/www/html/src/Views/Domain/detail.php on line 12
[Thu Apr 24 00:38:26.594035 2025] [php:warn] [pid 22:tid 22] [client 172.19.0.1:36714] PHP Warning:  Trying to access array offset on null in /var/www/html/src/Views/Domain/detail.php on line 12
[Thu Apr 24 00:38:26.594250 2025] [php:warn] [pid 22:tid 22] [client 172.19.0.1:36714] PHP Warning:  Trying to access array offset on null in /var/www/html/src/Views/Domain/detail.php on line 12
[Thu Apr 24 00:38:26.594466 2025] [php:warn] [pid 22:tid 22] [client 172.19.0.1:36714] PHP Warning:  Undefined variable $data in /var/www/html/src/Views/Domain/detail.php on line 14
[Thu Apr 24 00:38:26.594687 2025] [php:warn] [pid 22:tid 22] [client 172.19.0.1:36714] PHP Warning:  Trying to access array offset on null in /var/www/html/src/Views/Domain/detail.php on line 14
AH00558: apache2: Could not reliably determine the server's fully qualified domain name, using 172.18.0.4. Set the 'ServerName' directive globally to suppress this message
[Thu Apr 24 20:22:03.249388 2025] [mpm_prefork:notice] [pid 1:tid 1] AH00163: Apache/2.4.62 (Debian) PHP/8.3.20 configured -- resuming normal operations
[Thu Apr 24 20:22:03.249575 2025] [core:notice] [pid 1:tid 1] AH00094: Command line: 'apache2 -D FOREGROUND'
[Thu Apr 24 20:22:12.087708 2025] [php:warn] [pid 17:tid 17] [client 172.18.0.1:53374] PHP Warning:  require_once(/var/www/html/vendor/autoload.php): Failed to open stream: No such file or directory in /var/www/html/index.php on line 4
[Thu Apr 24 20:22:12.087928 2025] [php:error] [pid 17:tid 17] [client 172.18.0.1:53374] PHP Fatal error:  Uncaught Error: Failed opening required '/var/www/html/vendor/autoload.php' (include_path='.:/usr/local/lib/php') in /var/www/html/index.php:4\nStack trace:\n#0 {main}\n  thrown in /var/www/html/index.php on line 4
[Thu Apr 24 20:22:12.144264 2025] [php:warn] [pid 17:tid 17] [client 172.18.0.1:53374] PHP Warning:  require_once(/var/www/html/vendor/autoload.php): Failed to open stream: No such file or directory in /var/www/html/index.php on line 4, referer: http://localhost:91/
[Thu Apr 24 20:22:12.144418 2025] [php:error] [pid 17:tid 17] [client 172.18.0.1:53374] PHP Fatal error:  Uncaught Error: Failed opening required '/var/www/html/vendor/autoload.php' (include_path='.:/usr/local/lib/php') in /var/www/html/index.php:4\nStack trace:\n#0 {main}\n  thrown in /var/www/html/index.php on line 4, referer: http://localhost:91/
[Thu Apr 24 20:22:31.760687 2025] [php:warn] [pid 20:tid 20] [client 172.18.0.1:38202] PHP Warning:  require_once(/var/www/html/src/Controller/Domain/DomainGetController.php): Failed to open stream: No such file or directory in /var/www/html/app/Router/Router.php on line 22
[Thu Apr 24 20:22:31.760839 2025] [php:error] [pid 20:tid 20] [client 172.18.0.1:38202] PHP Fatal error:  Uncaught Error: Failed opening required '/var/www/html/src/Controller/Domain/DomainGetController.php' (include_path='.:/usr/local/lib/php') in /var/www/html/app/Router/Router.php:22\nStack trace:\n#0 /var/www/html/index.php(33): Router->resolve('/domains/1', 'GET')\n#1 {main}\n  thrown in /var/www/html/app/Router/Router.php on line 22
AH00558: apache2: Could not reliably determine the server's fully qualified domain name, using 172.18.0.3. Set the 'ServerName' directive globally to suppress this message
[Thu Apr 24 20:40:56.458000 2025] [mpm_prefork:notice] [pid 1:tid 1] AH00163: Apache/2.4.62 (Debian) PHP/8.3.20 configured -- resuming normal operations
[Thu Apr 24 20:40:56.458124 2025] [core:notice] [pid 1:tid 1] AH00094: Command line: 'apache2 -D FOREGROUND'
[Thu Apr 24 20:42:01.268973 2025] [mpm_prefork:notice] [pid 1:tid 1] AH00170: caught SIGWINCH, shutting down gracefully
AH00558: apache2: Could not reliably determine the server's fully qualified domain name, using 172.18.0.4. Set the 'ServerName' directive globally to suppress this message
[Thu Apr 24 20:42:47.671048 2025] [mpm_prefork:notice] [pid 1:tid 1] AH00163: Apache/2.4.62 (Debian) PHP/8.3.20 configured -- resuming normal operations
[Thu Apr 24 20:42:47.671236 2025] [core:notice] [pid 1:tid 1] AH00094: Command line: 'apache2 -D FOREGROUND'
[Thu Apr 24 20:43:51.787689 2025] [php:error] [pid 19:tid 19] [client 172.18.0.1:55906] PHP Fatal error:  Uncaught TypeError: Src\\Service\\Domain\\DomainFinderService::find(): Return value must be of type array, null returned in /var/www/html/src/Service/Domain/DomainFinderService.php:20\nStack trace:\n#0 /var/www/html/src/Controller/Domain/DomainGetController.php(17): Src\\Service\\Domain\\DomainFinderService->find(1)\n#1 /var/www/html/app/Router/Router.php(27): DomainGetController->start(1)\n#2 /var/www/html/index.php(33): Router->resolve('/domains/1', 'GET')\n#3 {main}\n  thrown in /var/www/html/src/Service/Domain/DomainFinderService.php on line 20
AH00558: apache2: Could not reliably determine the server's fully qualified domain name, using 172.20.0.4. Set the 'ServerName' directive globally to suppress this message
[Thu Apr 24 21:08:22.618154 2025] [mpm_prefork:notice] [pid 1:tid 1] AH00163: Apache/2.4.62 (Debian) PHP/8.3.20 configured -- resuming normal operations
[Thu Apr 24 21:08:22.618456 2025] [core:notice] [pid 1:tid 1] AH00094: Command line: 'apache2 -D FOREGROUND'
[Thu Apr 24 21:08:45.465249 2025] [mpm_prefork:notice] [pid 1:tid 1] AH00170: caught SIGWINCH, shutting down gracefully
AH00558: apache2: Could not reliably determine the server's fully qualified domain name, using 172.20.0.3. Set the 'ServerName' directive globally to suppress this message
[Thu Apr 24 21:08:47.346064 2025] [mpm_prefork:notice] [pid 1:tid 1] AH00163: Apache/2.4.62 (Debian) PHP/8.3.20 configured -- resuming normal operations
[Thu Apr 24 21:08:47.346259 2025] [core:notice] [pid 1:tid 1] AH00094: Command line: 'apache2 -D FOREGROUND'
[Thu Apr 24 21:09:19.480857 2025] [php:warn] [pid 19:tid 19] [client 172.20.0.1:57304] PHP Warning:  Undefined array key "MYSQL_ROOT_USER" in /var/www/html/src/Infrastructure/PDO/PDOClient.php on line 26
[Thu Apr 24 21:09:19.481041 2025] [php:warn] [pid 19:tid 19] [client 172.20.0.1:57304] PHP Warning:  Undefined array key "MYSQL_TYPE" in /var/www/html/src/Infrastructure/PDO/PDOClient.php on line 54
[Thu Apr 24 21:09:19.481121 2025] [php:warn] [pid 19:tid 19] [client 172.20.0.1:57304] PHP Warning:  Undefined array key "MYSQL_HOST" in /var/www/html/src/Infrastructure/PDO/PDOClient.php on line 55
[Thu Apr 24 21:09:19.481184 2025] [php:warn] [pid 19:tid 19] [client 172.20.0.1:57304] PHP Warning:  Undefined array key "MYSQL_PORT" in /var/www/html/src/Infrastructure/PDO/PDOClient.php on line 55
[Thu Apr 24 21:09:19.481250 2025] [php:warn] [pid 19:tid 19] [client 172.20.0.1:57304] PHP Warning:  Undefined array key "MYSQL_DATABASE" in /var/www/html/src/Infrastructure/PDO/PDOClient.php on line 56
[Thu Apr 24 21:09:19.481310 2025] [php:warn] [pid 19:tid 19] [client 172.20.0.1:57304] PHP Warning:  Undefined array key "MYSQL_ROOT_USER" in /var/www/html/src/Infrastructure/PDO/PDOClient.php on line 35
[Thu Apr 24 21:09:19.481373 2025] [php:warn] [pid 19:tid 19] [client 172.20.0.1:57304] PHP Warning:  Undefined array key "MYSQL_ROOT_PASSWORD" in /var/www/html/src/Infrastructure/PDO/PDOClient.php on line 36
[Thu Apr 24 21:31:03.033858 2025] [php:warn] [pid 20:tid 20] [client 172.20.0.1:37730] PHP Warning:  Undefined array key "name" in /var/www/html/src/Infrastructure/Repository/Domain/DomainRepository.php on line 20
[Thu Apr 24 21:31:57.042523 2025] [php:warn] [pid 17:tid 17] [client 172.20.0.1:44616] PHP Warning:  Undefined array key 0 in /var/www/html/src/Infrastructure/Repository/Domain/DomainRepository.php on line 21
[Thu Apr 24 21:31:57.042676 2025] [php:error] [pid 17:tid 17] [client 172.20.0.1:44616] PHP Fatal error:  Uncaught TypeError: Src\\Infrastructure\\Repository\\Domain\\DomainRepository::find(): Return value must be of type array, null returned in /var/www/html/src/Infrastructure/Repository/Domain/DomainRepository.php:21\nStack trace:\n#0 /var/www/html/src/Service/Domain/DomainFinderService.php(21): Src\\Infrastructure\\Repository\\Domain\\DomainRepository->find(4)\n#1 /var/www/html/src/Controller/Domain/DomainGetController.php(14): Src\\Service\\Domain\\DomainFinderService->find(4)\n#2 /var/www/html/app/Router/Router.php(36): DomainGetController->start(4)\n#3 /var/www/html/index.php(32): Router->resolve('/domains/4', 'GET')\n#4 {main}\n  thrown in /var/www/html/src/Infrastructure/Repository/Domain/DomainRepository.php on line 21
[Thu Apr 24 21:34:25.338613 2025] [php:error] [pid 22:tid 22] [client 172.20.0.1:45936] PHP Fatal error:  Uncaught TypeError: Src\\Service\\Domain\\DomainFinderService::find(): Return value must be of type array, null returned in /var/www/html/src/Service/Domain/DomainFinderService.php:21\nStack trace:\n#0 /var/www/html/src/Controller/Domain/DomainGetController.php(14): Src\\Service\\Domain\\DomainFinderService->find(4)\n#1 /var/www/html/app/Router/Router.php(36): DomainGetController->start(4)\n#2 /var/www/html/index.php(32): Router->resolve('/domains/4', 'GET')\n#3 {main}\n  thrown in /var/www/html/src/Service/Domain/DomainFinderService.php on line 21
[Thu Apr 24 21:34:29.803283 2025] [php:error] [pid 22:tid 22] [client 172.20.0.1:45936] PHP Fatal error:  Uncaught TypeError: Src\\Service\\Domain\\DomainFinderService::find(): Return value must be of type array, null returned in /var/www/html/src/Service/Domain/DomainFinderService.php:21\nStack trace:\n#0 /var/www/html/src/Controller/Domain/DomainGetController.php(14): Src\\Service\\Domain\\DomainFinderService->find(4)\n#1 /var/www/html/app/Router/Router.php(36): DomainGetController->start(4)\n#2 /var/www/html/index.php(32): Router->resolve('/domains/4', 'GET')\n#3 {main}\n  thrown in /var/www/html/src/Service/Domain/DomainFinderService.php on line 21
[Thu Apr 24 21:52:04.203482 2025] [php:warn] [pid 19:tid 19] [client 172.20.0.1:35628] PHP Warning:  Undefined array key 0 in /var/www/html/src/Infrastructure/Repository/Domain/DomainRepository.php on line 22
[Thu Apr 24 21:52:04.203657 2025] [php:error] [pid 19:tid 19] [client 172.20.0.1:35628] PHP Fatal error:  Uncaught TypeError: Src\\Infrastructure\\Repository\\Domain\\DomainRepository::primitiveToDomain(): Argument #1 ($primitive) must be of type array, null given, called in /var/www/html/src/Infrastructure/Repository/Domain/DomainRepository.php on line 22 and defined in /var/www/html/src/Infrastructure/Repository/Domain/DomainRepository.php:25\nStack trace:\n#0 /var/www/html/src/Infrastructure/Repository/Domain/DomainRepository.php(22): Src\\Infrastructure\\Repository\\Domain\\DomainRepository->primitiveToDomain(NULL)\n#1 /var/www/html/src/Service/Domain/DomainFinderService.php(23): Src\\Infrastructure\\Repository\\Domain\\DomainRepository->find(4)\n#2 /var/www/html/src/Controller/Domain/DomainGetController.php(14): Src\\Service\\Domain\\DomainFinderService->find(4)\n#3 /var/www/html/app/Router/Router.php(36): DomainGetController->start(4)\n#4 /var/www/html/index.php(33): Router->resolve('/domains/4', 'GET')\n#5 {main}\n  thrown in /var/www/html/src/Infrastructure/Repository/Domain/DomainRepository.php on line 25
[Thu Apr 24 21:53:17.646272 2025] [php:error] [pid 17:tid 17] [client 172.20.0.1:46480] PHP Fatal error:  Uncaught TypeError: Src\\Infrastructure\\Repository\\Domain\\DomainRepository::primitiveToDomain(): Argument #1 ($primitive) must be of type array, null given, called in /var/www/html/src/Infrastructure/Repository/Domain/DomainRepository.php on line 22 and defined in /var/www/html/src/Infrastructure/Repository/Domain/DomainRepository.php:25\nStack trace:\n#0 /var/www/html/src/Infrastructure/Repository/Domain/DomainRepository.php(22): Src\\Infrastructure\\Repository\\Domain\\DomainRepository->primitiveToDomain(NULL)\n#1 /var/www/html/src/Service/Domain/DomainFinderService.php(23): Src\\Infrastructure\\Repository\\Domain\\DomainRepository->find(4)\n#2 /var/www/html/src/Controller/Domain/DomainGetController.php(14): Src\\Service\\Domain\\DomainFinderService->find(4)\n#3 /var/www/html/app/Router/Router.php(36): DomainGetController->start(4)\n#4 /var/www/html/index.php(33): Router->resolve('/domains/4', 'GET')\n#5 {main}\n  thrown in /var/www/html/src/Infrastructure/Repository/Domain/DomainRepository.php on line 25
[Thu Apr 24 22:09:55.330405 2025] [php:warn] [pid 17:tid 17] [client 172.20.0.1:44600] PHP Warning:  include_once(/var/www/html/app/Router/Routes/ProductRoutes.php): Failed to open stream: No such file or directory in /var/www/html/app/Router/Routes.php on line 16
[Thu Apr 24 22:09:55.330528 2025] [php:warn] [pid 17:tid 17] [client 172.20.0.1:44600] PHP Warning:  include_once(): Failed opening '/var/www/html/app/Router/Routes/ProductRoutes.php' for inclusion (include_path='.:/usr/local/lib/php') in /var/www/html/app/Router/Routes.php on line 16
[Thu Apr 24 22:09:55.347729 2025] [php:error] [pid 17:tid 17] [client 172.20.0.1:44600] PHP Fatal error:  Uncaught Error: Class "ProductRoutes" not found in /var/www/html/app/Router/Routes.php:17\nStack trace:\n#0 /var/www/html/index.php(26): startRouter()\n#1 {main}\n  thrown in /var/www/html/app/Router/Routes.php on line 17
[Thu Apr 24 22:12:26.501308 2025] [mpm_prefork:notice] [pid 1:tid 1] AH00170: caught SIGWINCH, shutting down gracefully
AH00558: apache2: Could not reliably determine the server's fully qualified domain name, using 172.18.0.4. Set the 'ServerName' directive globally to suppress this message
[Thu Apr 24 22:38:35.128773 2025] [mpm_prefork:notice] [pid 1:tid 1] AH00163: Apache/2.4.62 (Debian) PHP/8.3.20 configured -- resuming normal operations
[Thu Apr 24 22:38:35.129477 2025] [core:notice] [pid 1:tid 1] AH00094: Command line: 'apache2 -D FOREGROUND'
[Thu Apr 24 22:39:07.349914 2025] [php:warn] [pid 18:tid 18] [client 172.18.0.1:51440] PHP Warning:  require_once(/var/www/html/vendor/autoload.php): Failed to open stream: No such file or directory in /var/www/html/index.php on line 4
[Thu Apr 24 22:39:07.350336 2025] [php:error] [pid 18:tid 18] [client 172.18.0.1:51440] PHP Fatal error:  Uncaught Error: Failed opening required '/var/www/html/vendor/autoload.php' (include_path='.:/usr/local/lib/php') in /var/www/html/index.php:4\nStack trace:\n#0 {main}\n  thrown in /var/www/html/index.php on line 4
[Thu Apr 24 22:39:07.665364 2025] [php:warn] [pid 18:tid 18] [client 172.18.0.1:51440] PHP Warning:  require_once(/var/www/html/vendor/autoload.php): Failed to open stream: No such file or directory in /var/www/html/index.php on line 4, referer: http://localhost:9091/
[Thu Apr 24 22:39:07.665639 2025] [php:error] [pid 18:tid 18] [client 172.18.0.1:51440] PHP Fatal error:  Uncaught Error: Failed opening required '/var/www/html/vendor/autoload.php' (include_path='.:/usr/local/lib/php') in /var/www/html/index.php:4\nStack trace:\n#0 {main}\n  thrown in /var/www/html/index.php on line 4, referer: http://localhost:9091/
AH00558: apache2: Could not reliably determine the server's fully qualified domain name, using 172.18.0.3. Set the 'ServerName' directive globally to suppress this message
[Tue Apr 29 20:29:30.018232 2025] [mpm_prefork:notice] [pid 1:tid 1] AH00163: Apache/2.4.62 (Debian) PHP/8.3.20 configured -- resuming normal operations
[Tue Apr 29 20:29:30.020073 2025] [core:notice] [pid 1:tid 1] AH00094: Command line: 'apache2 -D FOREGROUND'
[Tue Apr 29 22:30:48.739564 2025] [php:warn] [pid 28:tid 28] [client 172.18.0.1:37068] PHP Warning:  require(/var/www/html/src/Controller/Article/ArticleGetController.php): Failed to open stream: No such file or directory in /var/www/html/app/Router/Router.php on line 28
[Tue Apr 29 22:30:52.836491 2025] [php:error] [pid 28:tid 28] [client 172.18.0.1:37068] PHP Fatal error:  Uncaught Error: Failed opening required '/var/www/html/src/Controller/Article/ArticleGetController.php' (include_path='.:/usr/local/lib/php') in /var/www/html/app/Router/Router.php:28\nStack trace:\n#0 /var/www/html/index.php(33): Router->resolve('/articles/1', 'GET')\n#1 {main}\n  thrown in /var/www/html/app/Router/Router.php on line 28
[Wed Apr 30 00:07:34.554068 2025] [php:error] [pid 17:tid 17] [client 172.18.0.1:53080] PHP Fatal error:  Uncaught TypeError: Src\\Service\\Article\\ArticleFinderService::find(): Return value must be of type Src\\Entity\\Article\\Article, null returned in /var/www/html/src/Service/Article/ArticleFinderService.php:18\nStack trace:\n#0 /var/www/html/src/Controller/Article/ArticleGetController.php(15): Src\\Service\\Article\\ArticleFinderService->find(3)\n#1 /var/www/html/app/Router/Router.php(36): ArticleGetController->start(3)\n#2 /var/www/html/index.php(33): Router->resolve('/articles/3', 'GET')\n#3 {main}\n  thrown in /var/www/html/src/Service/Article/ArticleFinderService.php on line 18
[Wed Apr 30 00:23:53.469361 2025] [php:warn] [pid 29:tid 29] [client 172.18.0.1:36110] PHP Warning:  require(/var/www/html/src/Controller/Article/ArticlesGetController.php): Failed to open stream: No such file or directory in /var/www/html/app/Router/Router.php on line 28
[Wed Apr 30 00:23:53.469798 2025] [php:error] [pid 29:tid 29] [client 172.18.0.1:36110] PHP Fatal error:  Uncaught Error: Failed opening required '/var/www/html/src/Controller/Article/ArticlesGetController.php' (include_path='.:/usr/local/lib/php') in /var/www/html/app/Router/Router.php:28\nStack trace:\n#0 /var/www/html/index.php(33): Router->resolve('/articles', 'GET')\n#1 {main}\n  thrown in /var/www/html/app/Router/Router.php on line 28
AH00558: apache2: Could not reliably determine the server's fully qualified domain name, using 172.18.0.2. Set the 'ServerName' directive globally to suppress this message
[Tue May 06 21:30:36.537027 2025] [mpm_prefork:notice] [pid 1:tid 1] AH00163: Apache/2.4.62 (Debian) PHP/8.3.20 configured -- resuming normal operations
[Tue May 06 21:30:36.537330 2025] [core:notice] [pid 1:tid 1] AH00094: Command line: 'apache2 -D FOREGROUND'
[Tue May 06 21:30:53.065978 2025] [php:error] [pid 17:tid 17] [client 172.18.0.1:40314] PHP Fatal error:  Uncaught Dotenv\\Exception\\InvalidPathException: Unable to read any of the environment file(s) at [/var/www/html/.env]. in /var/www/html/vendor/vlucas/phpdotenv/src/Store/FileStore.php:68\nStack trace:\n#0 /var/www/html/vendor/vlucas/phpdotenv/src/Dotenv.php(222): Dotenv\\Store\\FileStore->read()\n#1 /var/www/html/index.php(12): Dotenv\\Dotenv->load()\n#2 {main}\n  thrown in /var/www/html/vendor/vlucas/phpdotenv/src/Store/FileStore.php on line 68, referer: http://localhost:9091/articles/3
[Tue May 06 22:24:30.868667 2025] [php:error] [pid 19:tid 19] [client 172.18.0.1:46226] PHP Fatal error:  Uncaught Dotenv\\Exception\\InvalidPathException: Unable to read any of the environment file(s) at [/var/www/html/.env]. in /var/www/html/vendor/vlucas/phpdotenv/src/Store/FileStore.php:68\nStack trace:\n#0 /var/www/html/vendor/vlucas/phpdotenv/src/Dotenv.php(222): Dotenv\\Store\\FileStore->read()\n#1 /var/www/html/index.php(12): Dotenv\\Dotenv->load()\n#2 {main}\n  thrown in /var/www/html/vendor/vlucas/phpdotenv/src/Store/FileStore.php on line 68
[Tue May 06 22:24:31.259592 2025] [php:error] [pid 19:tid 19] [client 172.18.0.1:46226] PHP Fatal error:  Uncaught Dotenv\\Exception\\InvalidPathException: Unable to read any of the environment file(s) at [/var/www/html/.env]. in /var/www/html/vendor/vlucas/phpdotenv/src/Store/FileStore.php:68\nStack trace:\n#0 /var/www/html/vendor/vlucas/phpdotenv/src/Dotenv.php(222): Dotenv\\Store\\FileStore->read()\n#1 /var/www/html/index.php(12): Dotenv\\Dotenv->load()\n#2 {main}\n  thrown in /var/www/html/vendor/vlucas/phpdotenv/src/Store/FileStore.php on line 68, referer: http://localhost:9091/category/2
[Tue May 06 22:25:02.399835 2025] [php:warn] [pid 22:tid 22] [client 172.18.0.1:59122] PHP Warning:  Undefined property: Src\\Entity\\Category\\Category::$code in /var/www/html/src/Entity/Category/Category.php on line 24
[Tue May 06 22:25:02.410827 2025] [php:error] [pid 22:tid 22] [client 172.18.0.1:59122] PHP Fatal error:  Uncaught TypeError: Src\\Entity\\Category\\Category::code(): Return value must be of type string, null returned in /var/www/html/src/Entity/Category/Category.php:24\nStack trace:\n#0 /var/www/html/src/Controller/Category/CategoryGetController.php(20): Src\\Entity\\Category\\Category->code()\n#1 /var/www/html/app/Router/Router.php(36): CategoryGetController->start(2)\n#2 /var/www/html/index.php(33): Router->resolve('/categories/2', 'GET')\n#3 {main}\n  thrown in /var/www/html/src/Entity/Category/Category.php on line 24
[Tue May 06 22:25:36.658724 2025] [php:error] [pid 17:tid 17] [client 172.18.0.1:45172] PHP Fatal error:  Uncaught Error: Class "CategoriesGetController" not found in /var/www/html/app/Router/Router.php:34\nStack trace:\n#0 /var/www/html/index.php(33): Router->resolve('/categories', 'GET')\n#1 {main}\n  thrown in /var/www/html/app/Router/Router.php on line 34
AH00558: apache2: Could not reliably determine the server's fully qualified domain name, using 172.18.0.3. Set the 'ServerName' directive globally to suppress this message
[Wed May 07 21:55:33.416754 2025] [mpm_prefork:notice] [pid 1:tid 1] AH00163: Apache/2.4.62 (Debian) PHP/8.3.20 configured -- resuming normal operations
